// Jest Snapshot v1, https://goo.gl/fbAQLP

exports[`CurdLayout should match snapshot 1`] = `ShallowWrapper {}`;
