// Jest Snapshot v1, https://goo.gl/fbAQLP

exports[`AutoCrud should match snapshot 1`] = `ReactWrapper {}`;
